******************************************************************************
             TMS320C2000 Linker PC v25.11.0                    
******************************************************************************
>> Linked Sat May 30 10:31:45 2026

OUTPUT FILE NAME:   <boot_time_check.out>
ENTRY POINT SYMBOL: "code_start"  address: 00080000


MEMORY CONFIGURATION

         name            origin    length      used     unused   attr    fill
----------------------  --------  ---------  --------  --------  ----  --------
  BOOT_RSVD             00000002   00000126  00000000  00000126  RWIX
  RAMM0                 00000128   000002d8  00000000  000002d8  RWIX
  RAMM1                 00000400   00000400  00000200  00000200  RWIX
  CLATOCPURAM           00001480   00000080  00000000  00000080  RWIX
  CPUTOCLARAM           00001500   00000080  00000000  00000080  RWIX
  CLATODMARAM           00001680   00000080  00000000  00000080  RWIX
  DMATOCLARAM           00001700   00000080  00000000  00000080  RWIX
  RAMLS0                00008000   00000800  000000cd  00000733  RWIX
  RAMLS1                00008800   00000800  00000000  00000800  RWIX
  RAMLS2                00009000   00000800  00000000  00000800  RWIX
  RAMLS3                00009800   00000800  00000000  00000800  RWIX
  RAMLS4                0000a000   00000800  00000000  00000800  RWIX
  RAMLS5                0000a800   00000800  00000210  000005f0  RWIX
  RAMLS6                0000b000   00000800  00000000  00000800  RWIX
  RAMLS7                0000b800   00000800  00000000  00000800  RWIX
  RAMGS0                0000c000   00002000  00000000  00002000  RWIX
  RAMGS1                0000e000   00002000  00000000  00002000  RWIX
  RAMGS2                00010000   00002000  00000000  00002000  RWIX
  RAMGS3                00012000   00002000  00000000  00002000  RWIX
  RAMLS8                00014000   00002000  00000000  00002000  RWIX
  RAMLS9                00016000   00002000  00000000  00002000  RWIX
  BEGIN                 00080000   00000002  00000002  00000000  RWIX
  FLASH_BANK0           00080002   0001fffe  000013e1  0001ec1d  RWIX
  FLASH_BANK1           000a0000   00020000  00000000  00020000  RWIX
  FLASH_BANK2           000c0000   00020000  00000000  00020000  RWIX
  FLASH_BANK3           000e0000   00020000  00000000  00020000  RWIX
  FLASH_BANK4           00100000   00008000  00000000  00008000  RWIX
  RESET                 003fffc0   00000002  00000000  00000002  RWIX


SECTION ALLOCATION MAP

 output                                  attributes/
section   page    origin      length       input sections
--------  ----  ----------  ----------   ----------------
codestart 
*          0    00080000    00000002     
                  00080000    00000002     f28p55x_codestartbranch.obj (codestart)

.cinit     0    000813c8    0000002c     
                  000813c8    0000001a     (.cinit..data.load) [load image, compression = lzss]
                  000813e2    00000006     (__TI_handler_table)
                  000813e8    00000004     (.cinit..bss.load) [load image, compression = zero_init]
                  000813ec    00000008     (__TI_cinit_table)

.reset     0    003fffc0    00000000     DSECT

.stack     0    00000400    00000200     UNINITIALIZED
                  00000400    00000200     --HOLE--

.bss       0    0000a800    000001f6     UNINITIALIZED
                  0000a800    00000116     empty_driverlib_main.obj (.bss)
                  0000a916    00000040     empty_driverlib_main.obj (.bss:k_ipad)
                  0000a956    00000040     empty_driverlib_main.obj (.bss:k_opad)
                  0000a996    00000020     empty_driverlib_main.obj (.bss:calculated_hmac)
                  0000a9b6    00000020     empty_driverlib_main.obj (.bss:inner_hash)
                  0000a9d6    00000020     empty_driverlib_main.obj (.bss:tk)

.init_array 
*          0    00080008    00000000     UNINITIALIZED

.data      0    0000a9f6    0000001a     UNINITIALIZED
                  0000a9f6    00000010     empty_driverlib_main.obj (.data:secret_key)
                  0000aa06    00000006     rts2800_fpu32_eabi.lib : exit.c.obj (.data)
                  0000aa0c    00000002                            : _lock.c.obj (.data:_lock)
                  0000aa0e    00000002                            : _lock.c.obj (.data:_unlock)

.const     0    00080008    00000333     
                  00080008    0000009b     driverlib.lib : flash.obj (.const:.string)
                  000800a3    00000001     --HOLE-- [fill = 0]
                  000800a4    0000009a                   : sysctl.obj (.const:.string)
                  0008013e    00000098                   : gpio.obj (.const:.string)
                  000801d6    00000080     sha256.obj (.const:k)
                  00080256    00000055     device.obj (.const:.string)
                  000802ab    00000001     --HOLE-- [fill = 0]
                  000802ac    0000004b     driverlib.lib : pga.obj (.const:.string)
                  000802f7    00000001     --HOLE-- [fill = 0]
                  000802f8    00000043     empty_driverlib_main.obj (.const:.string)

.TI.ramfunc 
*          0    00080340    000000cd     RUN ADDR = 00008000
                  00080340    00000036     driverlib.lib : flash.obj (.TI.ramfunc:Flash_initModule)
                  00080376    00000022                   : flash.obj (.TI.ramfunc:Flash_setWaitstates)
                  00080398    00000018                   : flash.obj (.TI.ramfunc:Flash_disableCache)
                  000803b0    00000017                   : flash.obj (.TI.ramfunc:Flash_disablePrefetch)
                  000803c7    00000016                   : flash.obj (.TI.ramfunc:Flash_enableCache)
                  000803dd    00000016                   : flash.obj (.TI.ramfunc:Flash_enableECC)
                  000803f3    00000016                   : flash.obj (.TI.ramfunc:Flash_enablePrefetch)
                  00080409    00000004                   : sysctl.obj (.TI.ramfunc)

.text      0    00080410    00000fb5     
                  00080410    00000282     sha256.obj (.text:sha256_transform)
                  00080692    00000123     driverlib.lib : sysctl.obj (.text:SysCtl_setClock)
                  000807b5    00000121     sha256.obj (.text:sha256_final)
                  000808d6    000000fe     driverlib.lib : sysctl.obj (.text:SysCtl_isPLLValid)
                  000809d4    000000eb                   : gpio.obj (.text:GPIO_setAnalogMode)
                  00080abf    000000db     device.obj (.text:Device_enableAllPeripherals)
                  00080b9a    000000c7     device.obj (.text:Device_init)
                  00080c61    00000088     rts2800_fpu32_eabi.lib : fs_div28.asm.obj (.text)
                  00080ce9    00000078     empty_driverlib_main.obj (.text:hmac_sha256)
                  00080d61    00000073     driverlib.lib : sysctl.obj (.text:DCC_setCounterSeeds)
                  00080dd4    00000065                   : sysctl.obj (.text:SysCtl_getClock)
                  00080e39    00000051     sha256.obj (.text:sha256_init)
                  00080e8a    00000047     driverlib.lib : sysctl.obj (.text:SysCtl_selectOscSource)
                  00080ed1    00000046                   : sysctl.obj (.text:SysCtl_selectXTAL)
                  00080f17    00000044                   : pga.obj (.text:PGA_setOffsetTrimPMOS)
                  00080f5b    00000044     sha256.obj (.text:sha256_update)
                  00080f9f    00000041     driverlib.lib : pga.obj (.text:PGA_setOffsetTrimNMOS)
                  00080fe0    00000040                   : sysctl.obj (.text:SysCtl_pollX1Counter)
                  00081020    0000002e     rts2800_fpu32_eabi.lib : copy_decompress_lzss.c.obj (.text:decompress:lzss)
                  0008104e    0000002b                            : autoinit.c.obj (.text:__TI_auto_init_nobinit_nopinit)
                  00081079    00000029                            : exit.c.obj (.text)
                  000810a2    00000028     empty_driverlib_main.obj (.text:main)
                  000810ca    00000025     driverlib.lib : sysctl.obj (.text:SysCtl_selectXTALSingleEnded)
                  000810ef    00000024                   : sysctl.obj (.text:DCC_enableSingleShotMode)
                  00081113    00000020     rts2800_fpu32_eabi.lib : memcpy.c.obj (.text)
                  00081133    0000001e     driverlib.lib : sysctl.obj (.text:DCC_setCounter0ClkSource)
                  00081151    0000001e                   : sysctl.obj (.text:DCC_setCounter1ClkSource)
                  0008116f    0000001a     empty_driverlib_main.obj (.text:CPUTimer_startTimer)
                  00081189    0000001a     device.obj (.text:Device_initGPIO)
                  000811a3    0000001a     driverlib.lib : sysctl.obj (.text:SysCtl_getLowSpeedClock)
                  000811bd    00000019     empty_driverlib_main.obj (.text:AppCode)
                  000811d6    00000019     driverlib.lib : sysctl.obj (.text:SysCtl_setPLLSysClk)
                  000811ef    00000017     empty_driverlib_main.obj (.text:CPUTimer_isBaseValid)
                  00081206    00000017     driverlib.lib : pga.obj (.text:PGA_isBaseValid)
                  0008121d    00000017     device.obj (.text:SysCtl_enablePeripheral)
                  00081234    00000017     driverlib.lib : sysctl.obj (.text:SysCtl_enablePeripheral)
                  0008124b    00000017     rts2800_fpu32_eabi.lib : boot28.asm.obj (.text)
                  00081262    00000016     driverlib.lib : sysctl.obj (.text:DCC_disableDoneSignal)
                  00081278    00000015                   : sysctl.obj (.text:DCC_clearDoneFlag)
                  0008128d    00000015                   : sysctl.obj (.text:DCC_clearErrorFlag)
                  000812a2    00000015                   : sysctl.obj (.text:DCC_disableErrorSignal)
                  000812b7    00000015                   : sysctl.obj (.text:DCC_isBaseValid)
                  000812cc    00000015     device.obj (.text:GPIO_unlockPortConfig)
                  000812e1    00000014     driverlib.lib : sysctl.obj (.text:DCC_disableModule)
                  000812f5    00000014                   : sysctl.obj (.text:DCC_enableModule)
                  00081309    00000012     rts2800_fpu32_eabi.lib : args_main.c.obj (.text)
                  0008131b    00000011     empty_driverlib_main.obj (.text:CPUTimer_setPeriod)
                  0008132c    00000010     empty_driverlib_main.obj (.text:CPUTimer_getTimerCount)
                  0008133c    00000010     driverlib.lib : flash.obj (.text:Flash_isCtrlBaseValid)
                  0008134c    00000010                   : flash.obj (.text:Flash_isECCBaseValid)
                  0008135c    0000000d     device.obj (.text:SysCtl_setLowSpeedClock)
                  00081369    0000000d     rts2800_fpu32_eabi.lib : copy_zero_init.c.obj (.text:decompress:ZI:__TI_zero_init_nomemset)
                  00081376    0000000b     device.obj (.text:SysCtl_disableWatchdog)
                  00081381    0000000b     driverlib.lib : sysctl.obj (.text:SysCtl_isMCDClockFailureDetected)
                  0008138c    00000009     rts2800_fpu32_eabi.lib : _lock.c.obj (.text)
                  00081395    00000008                            : copy_decompress_none.c.obj (.text:decompress:none)
                  0008139d    00000008     f28p55x_codestartbranch.obj (.text)
                  000813a5    00000008     empty_driverlib_main.obj (.text:jumpToApp)
                  000813ad    00000007     device.obj (.text:ASysCtl_lockVREG)
                  000813b4    00000007     driverlib.lib : sysctl.obj (.text:SysCtl_resetMCD)
                  000813bb    00000007     device.obj (.text:__error__)
                  000813c2    00000002     rts2800_fpu32_eabi.lib : pre_init.c.obj (.text)
                  000813c4    00000001                            : startup.c.obj (.text)

MODULE SUMMARY

       Module                        code   ro data   rw data
       ------                        ----   -------   -------
    .\
       sha256.obj                    1080   128       0      
       empty_driverlib_main.obj      275    67        518    
    +--+-----------------------------+------+---------+---------+
       Total:                        1355   195       518    
                                                             
    .\device\
       device.obj                    526    85        0      
       f28p55x_codestartbranch.obj   10     0         0      
    +--+-----------------------------+------+---------+---------+
       Total:                        536    85        0      
                                                             
    C:/ti/C2000Ware_26_00_00_00/driverlib/f28p55x/driverlib/ccs/Debug/driverlib.lib
       sysctl.obj                    1345   154       0      
       flash.obj                     434    155       0      
       gpio.obj                      235    152       0      
       pga.obj                       156    75        0      
    +--+-----------------------------+------+---------+---------+
       Total:                        2170   536       0      
                                                             
    C:\ti\ccs2050\ccs\tools\compiler\ti-cgt-c2000_25.11.0.LTS\lib\rts2800_fpu32_eabi.lib
       fs_div28.asm.obj              136    0         0      
       exit.c.obj                    41     0         6      
       copy_decompress_lzss.c.obj    46     0         0      
       autoinit.c.obj                43     0         0      
       memcpy.c.obj                  32     0         0      
       boot28.asm.obj                23     0         0      
       args_main.c.obj               18     0         0      
       _lock.c.obj                   9      0         4      
       copy_zero_init.c.obj          13     0         0      
       copy_decompress_none.c.obj    8      0         0      
       pre_init.c.obj                2      0         0      
       startup.c.obj                 1      0         0      
    +--+-----------------------------+------+---------+---------+
       Total:                        372    0         10     
                                                             
       Stack:                        0      0         512    
       Linker Generated:             0      44        0      
    +--+-----------------------------+------+---------+---------+
       Grand Total:                  4433   860       1040   


LINKER GENERATED COPY TABLES

__TI_cinit_table @ 000813ec records: 2, size/record: 4, table size: 8
	.data: load addr=000813c8, load size=0000001a bytes, run addr=0000a9f6, run size=0000001a bytes, compression=lzss
	.bss: load addr=000813e8, load size=00000004 bytes, run addr=0000a800, run size=000001f6 bytes, compression=zero_init


LINKER GENERATED HANDLER TABLE

__TI_handler_table @ 000813e2 records: 3, size/record: 2, table size: 6
	index: 0, handler: __TI_zero_init
	index: 1, handler: __TI_decompress_lzss
	index: 2, handler: __TI_decompress_none


GLOBAL DATA SYMBOLS: SORTED BY DATA PAGE

address     data page           name
--------    ----------------    ----
00000400      10 (00000400)     __stack

0000a800     2a0 (0000a800)     i
0000a802     2a0 (0000a800)     startCycle
0000a804     2a0 (0000a800)     bootCycles
0000a806     2a0 (0000a800)     bootTime_ms

0000a840     2a1 (0000a840)     ctx

0000a8c0     2a3 (0000a8c0)     tctx

0000a916     2a4 (0000a900)     k_ipad

0000a956     2a5 (0000a940)     k_opad

0000a996     2a6 (0000a980)     calculated_hmac
0000a9b6     2a6 (0000a980)     inner_hash

0000a9d6     2a7 (0000a9c0)     tk
0000a9f6     2a7 (0000a9c0)     secret_key

0000aa06     2a8 (0000aa00)     __TI_enable_exit_profile_output
0000aa08     2a8 (0000aa00)     __TI_cleanup_ptr
0000aa0a     2a8 (0000aa00)     __TI_dtors_ptr
0000aa0c     2a8 (0000aa00)     _lock
0000aa0e     2a8 (0000aa00)     _unlock


GLOBAL SYMBOLS: SORTED ALPHABETICALLY BY Name 

page  address   name                           
----  -------   ----                           
0     000811bd  AppCode                        
0     00081079  C$$EXIT                        
0     00080abf  Device_enableAllPeripherals    
0     00080b9a  Device_init                    
0     00081189  Device_initGPIO                
0     00008000  Flash_initModule               
0     000809d4  GPIO_setAnalogMode             
0     00080f9f  PGA_setOffsetTrimNMOS          
0     00080f17  PGA_setOffsetTrimPMOS          
0     0008040d  RamfuncsLoadEnd                
abs   000000cd  RamfuncsLoadSize               
0     00080340  RamfuncsLoadStart              
0     000080cd  RamfuncsRunEnd                 
abs   000000cd  RamfuncsRunSize                
0     00008000  RamfuncsRunStart               
0     000080c9  SysCtl_delay                   
0     00080dd4  SysCtl_getClock                
0     000811a3  SysCtl_getLowSpeedClock        
0     000808d6  SysCtl_isPLLValid              
0     00080e8a  SysCtl_selectOscSource         
0     00080ed1  SysCtl_selectXTAL              
0     000810ca  SysCtl_selectXTALSingleEnded   
0     00080692  SysCtl_setClock                
0     000813ec  __TI_CINIT_Base                
0     000813f4  __TI_CINIT_Limit               
0     000813f4  __TI_CINIT_Warm                
0     000813e2  __TI_Handler_Table_Base        
0     000813e8  __TI_Handler_Table_Limit       
0     00000600  __TI_STACK_END                 
abs   00000200  __TI_STACK_SIZE                
0     0008104e  __TI_auto_init_nobinit_nopinit 
0     0000aa08  __TI_cleanup_ptr               
0     00081020  __TI_decompress_lzss           
0     00081395  __TI_decompress_none           
0     0000aa0a  __TI_dtors_ptr                 
0     0000aa06  __TI_enable_exit_profile_output
abs   ffffffff  __TI_pprof_out_hndl            
abs   ffffffff  __TI_prof_data_size            
abs   ffffffff  __TI_prof_data_start           
0     00081369  __TI_zero_init_nomemset        
0     00080c61  __c28xabi_divf                 
abs   ffffffff  __c_args__                     
0     000813bb  __error__                      
0     00000400  __stack                        
0     00081309  _args_main                     
0     0008124b  _c_int00                       
0     0000aa0c  _lock                          
0     00081394  _nop                           
0     00081390  _register_lock                 
0     0008138c  _register_unlock               
0     000813c4  _system_post_cinit             
0     000813c2  _system_pre_init               
0     0000aa0e  _unlock                        
0     00081079  abort                          
0     0000a804  bootCycles                     
0     0000a806  bootTime_ms                    
0     0000a996  calculated_hmac                
0     00080000  code_start                     
0     0000a840  ctx                            
0     0008107b  exit                           
0     00080ce9  hmac_sha256                    
0     0000a800  i                              
0     0000a9b6  inner_hash                     
0     000813a5  jumpToApp                      
0     0000a916  k_ipad                         
0     0000a956  k_opad                         
0     000810a2  main                           
0     00081113  memcpy                         
0     0000a9f6  secret_key                     
0     000807b5  sha256_final                   
0     00080e39  sha256_init                    
0     00080f5b  sha256_update                  
0     0000a802  startCycle                     
0     0000a8c0  tctx                           
0     0000a9d6  tk                             


GLOBAL SYMBOLS: SORTED BY Symbol Address 

page  address   name                           
----  -------   ----                           
0     00000400  __stack                        
0     00000600  __TI_STACK_END                 
0     00008000  Flash_initModule               
0     00008000  RamfuncsRunStart               
0     000080c9  SysCtl_delay                   
0     000080cd  RamfuncsRunEnd                 
0     0000a800  i                              
0     0000a802  startCycle                     
0     0000a804  bootCycles                     
0     0000a806  bootTime_ms                    
0     0000a840  ctx                            
0     0000a8c0  tctx                           
0     0000a916  k_ipad                         
0     0000a956  k_opad                         
0     0000a996  calculated_hmac                
0     0000a9b6  inner_hash                     
0     0000a9d6  tk                             
0     0000a9f6  secret_key                     
0     0000aa06  __TI_enable_exit_profile_output
0     0000aa08  __TI_cleanup_ptr               
0     0000aa0a  __TI_dtors_ptr                 
0     0000aa0c  _lock                          
0     0000aa0e  _unlock                        
0     00080000  code_start                     
0     00080340  RamfuncsLoadStart              
0     0008040d  RamfuncsLoadEnd                
0     00080692  SysCtl_setClock                
0     000807b5  sha256_final                   
0     000808d6  SysCtl_isPLLValid              
0     000809d4  GPIO_setAnalogMode             
0     00080abf  Device_enableAllPeripherals    
0     00080b9a  Device_init                    
0     00080c61  __c28xabi_divf                 
0     00080ce9  hmac_sha256                    
0     00080dd4  SysCtl_getClock                
0     00080e39  sha256_init                    
0     00080e8a  SysCtl_selectOscSource         
0     00080ed1  SysCtl_selectXTAL              
0     00080f17  PGA_setOffsetTrimPMOS          
0     00080f5b  sha256_update                  
0     00080f9f  PGA_setOffsetTrimNMOS          
0     00081020  __TI_decompress_lzss           
0     0008104e  __TI_auto_init_nobinit_nopinit 
0     00081079  C$$EXIT                        
0     00081079  abort                          
0     0008107b  exit                           
0     000810a2  main                           
0     000810ca  SysCtl_selectXTALSingleEnded   
0     00081113  memcpy                         
0     00081189  Device_initGPIO                
0     000811a3  SysCtl_getLowSpeedClock        
0     000811bd  AppCode                        
0     0008124b  _c_int00                       
0     00081309  _args_main                     
0     00081369  __TI_zero_init_nomemset        
0     0008138c  _register_unlock               
0     00081390  _register_lock                 
0     00081394  _nop                           
0     00081395  __TI_decompress_none           
0     000813a5  jumpToApp                      
0     000813bb  __error__                      
0     000813c2  _system_pre_init               
0     000813c4  _system_post_cinit             
0     000813e2  __TI_Handler_Table_Base        
0     000813e8  __TI_Handler_Table_Limit       
0     000813ec  __TI_CINIT_Base                
0     000813f4  __TI_CINIT_Limit               
0     000813f4  __TI_CINIT_Warm                
abs   000000cd  RamfuncsLoadSize               
abs   000000cd  RamfuncsRunSize                
abs   00000200  __TI_STACK_SIZE                
abs   ffffffff  __TI_pprof_out_hndl            
abs   ffffffff  __TI_prof_data_size            
abs   ffffffff  __TI_prof_data_start           
abs   ffffffff  __c_args__                     

[75 symbols]
