******************************************************************************
             TMS320C2000 Linker PC v25.11.0                    
******************************************************************************
>> Linked Fri May 29 19:11:04 2026

OUTPUT FILE NAME:   <sample.out>
ENTRY POINT SYMBOL: "code_start"  address: 00000000


MEMORY CONFIGURATION

         name            origin    length      used     unused   attr    fill
----------------------  --------  ---------  --------  --------  ----  --------
  BEGIN                 00000000   00000002  00000002  00000000  RWIX
  BOOT_RSVD             00000002   00000126  00000000  00000126  RWIX
  RAMM0                 00000128   000002d8  0000001e  000002ba  RWIX
  RAMM1                 00000400   00000400  00000200  00000200  RWIX
  CLATOCPURAM           00001480   00000080  00000000  00000080  RWIX
  CPUTOCLARAM           00001500   00000080  00000000  00000080  RWIX
  CLATODMARAM           00001680   00000080  00000000  00000080  RWIX
  DMATOCLARAM           00001700   00000080  00000000  00000080  RWIX
  RAMLS0                00008000   00000800  00000800  00000000  RWIX
  RAMLS1                00008800   00000800  000002af  00000551  RWIX
  RAMLS2                00009000   00000800  00000000  00000800  RWIX
  RAMLS3                00009800   00000800  00000000  00000800  RWIX
  RAMLS4                0000a000   00000800  00000000  00000800  RWIX
  RAMLS5                0000a800   00000800  00000221  000005df  RWIX
  RAMLS6                0000b000   00000800  00000000  00000800  RWIX
  RAMLS7                0000b800   00000800  00000000  00000800  RWIX
  RAMGS0                0000c000   00002000  00000002  00001ffe  RWIX
  RAMGS1                0000e000   00002000  00000000  00002000  RWIX
  RAMGS2                00010000   00002000  00000000  00002000  RWIX
  RAMGS3                00012000   00002000  00000000  00002000  RWIX
  RAMLS8                00014000   00002000  00000000  00002000  RWIX
  RAMLS9                00016000   00002000  00000000  00002000  RWIX
  FLASH_BANK0           00080000   00020000  00000000  00020000  RWIX
  FLASH_BANK1           000a0000   00020000  00000000  00020000  RWIX
  FLASH_BANK2           000c0000   00020000  00000000  00020000  RWIX
  FLASH_BANK3           000e0000   00020000  00000000  00020000  RWIX
  FLASH_BANK4           00100000   00008000  00000000  00008000  RWIX
  RESET                 003fffc0   00000002  00000000  00000002  RWIX


SECTION ALLOCATION MAP

 output                                  attributes/
section   page    origin      length       input sections
--------  ----  ----------  ----------   ----------------
codestart 
*          0    00000000    00000002     
                  00000000    00000002     f28p55x_codestartbranch.obj (codestart)

.cinit     0    0000012c    0000001a     
                  0000012c    00000008     (.cinit..data.load) [load image, compression = lzss]
                  00000134    00000006     (__TI_handler_table)
                  0000013a    00000004     (.cinit.ramgs0.load) [load image, compression = zero_init]
                  0000013e    00000008     (__TI_cinit_table)

.reset     0    003fffc0    00000000     DSECT

.stack     0    00000400    00000200     UNINITIALIZED
                  00000400    00000200     --HOLE--

.init_array 
*          0    00000128    00000000     UNINITIALIZED

.data      0    0000a800    0000000a     UNINITIALIZED
                  0000a800    00000006     rts2800_fpu32_eabi.lib : exit.c.obj (.data)
                  0000a806    00000002                            : _lock.c.obj (.data:_lock)
                  0000a808    00000002                            : _lock.c.obj (.data:_unlock)

.const     0    0000a80a    00000217     
                  0000a80a    0000009a     driverlib.lib : sysctl.obj (.const:.string)
                  0000a8a4    00000098                   : gpio.obj (.const:.string)
                  0000a93c    00000055     device.obj (.const:.string)
                  0000a991    00000001     --HOLE-- [fill = 0]
                  0000a992    0000004b     driverlib.lib : pga.obj (.const:.string)
                  0000a9dd    00000001     --HOLE-- [fill = 0]
                  0000a9de    00000043     empty_driverlib_main.obj (.const:.string)

ramgs0     0    0000c000    00000002     UNINITIALIZED
                  0000c000    00000002     empty_driverlib_main.obj (ramgs0)

.TI.ramfunc 
*          0    00000128    00000004     
                  00000128    00000004     driverlib.lib : sysctl.obj (.TI.ramfunc)

.text.1    0    00008000    00000800     
                  00008000    00000123     driverlib.lib : sysctl.obj (.text:SysCtl_setClock)
                  00008123    000000fe                   : sysctl.obj (.text:SysCtl_isPLLValid)
                  00008221    000000eb                   : gpio.obj (.text:GPIO_setAnalogMode)
                  0000830c    000000db     device.obj (.text:Device_enableAllPeripherals)
                  000083e7    000000b4     device.obj (.text:Device_init)
                  0000849b    00000088     rts2800_fpu32_eabi.lib : fs_div28.asm.obj (.text)
                  00008523    00000073     driverlib.lib : sysctl.obj (.text:DCC_setCounterSeeds)
                  00008596    00000065                   : sysctl.obj (.text:SysCtl_getClock)
                  000085fb    00000047                   : sysctl.obj (.text:SysCtl_selectOscSource)
                  00008642    00000046                   : sysctl.obj (.text:SysCtl_selectXTAL)
                  00008688    00000044                   : pga.obj (.text:PGA_setOffsetTrimPMOS)
                  000086cc    00000041                   : pga.obj (.text:PGA_setOffsetTrimNMOS)
                  0000870d    00000040                   : sysctl.obj (.text:SysCtl_pollX1Counter)
                  0000874d    0000002e     rts2800_fpu32_eabi.lib : copy_decompress_lzss.c.obj (.text:decompress:lzss)
                  0000877b    0000002b                            : autoinit.c.obj (.text:__TI_auto_init_nobinit_nopinit)
                  000087a6    00000029                            : exit.c.obj (.text)
                  000087cf    00000025     driverlib.lib : sysctl.obj (.text:SysCtl_selectXTALSingleEnded)
                  000087f4    0000000b     device.obj (.text:SysCtl_disableWatchdog)
                  000087ff    00000001     rts2800_fpu32_eabi.lib : startup.c.obj (.text)

.text.2    0    00008800    000002af     
                  00008800    00000024     driverlib.lib : sysctl.obj (.text:DCC_enableSingleShotMode)
                  00008824    00000020     rts2800_fpu32_eabi.lib : memcpy.c.obj (.text)
                  00008844    0000001e     driverlib.lib : sysctl.obj (.text:DCC_setCounter0ClkSource)
                  00008862    0000001e                   : sysctl.obj (.text:DCC_setCounter1ClkSource)
                  00008880    0000001a     empty_driverlib_main.obj (.text:CPUTimer_startTimer)
                  0000889a    0000001a     device.obj (.text:Device_initGPIO)
                  000088b4    0000001a     driverlib.lib : sysctl.obj (.text:SysCtl_getLowSpeedClock)
                  000088ce    0000001a     empty_driverlib_main.obj (.text:main)
                  000088e8    00000019     driverlib.lib : sysctl.obj (.text:SysCtl_setPLLSysClk)
                  00008901    00000017     empty_driverlib_main.obj (.text:CPUTimer_isBaseValid)
                  00008918    00000017     driverlib.lib : pga.obj (.text:PGA_isBaseValid)
                  0000892f    00000017     device.obj (.text:SysCtl_enablePeripheral)
                  00008946    00000017     driverlib.lib : sysctl.obj (.text:SysCtl_enablePeripheral)
                  0000895d    00000017     rts2800_fpu32_eabi.lib : boot28.asm.obj (.text)
                  00008974    00000016     driverlib.lib : sysctl.obj (.text:DCC_disableDoneSignal)
                  0000898a    00000015                   : sysctl.obj (.text:DCC_clearDoneFlag)
                  0000899f    00000015                   : sysctl.obj (.text:DCC_clearErrorFlag)
                  000089b4    00000015                   : sysctl.obj (.text:DCC_disableErrorSignal)
                  000089c9    00000015                   : sysctl.obj (.text:DCC_isBaseValid)
                  000089de    00000015     device.obj (.text:GPIO_unlockPortConfig)
                  000089f3    00000014     driverlib.lib : sysctl.obj (.text:DCC_disableModule)
                  00008a07    00000014                   : sysctl.obj (.text:DCC_enableModule)
                  00008a1b    00000012     rts2800_fpu32_eabi.lib : args_main.c.obj (.text)
                  00008a2d    00000011     empty_driverlib_main.obj (.text:CPUTimer_setPeriod)
                  00008a3e    00000010     empty_driverlib_main.obj (.text:CPUTimer_getTimerCount)
                  00008a4e    0000000d     device.obj (.text:SysCtl_setLowSpeedClock)
                  00008a5b    0000000d     rts2800_fpu32_eabi.lib : copy_zero_init.c.obj (.text:decompress:ZI:__TI_zero_init_nomemset)
                  00008a68    0000000b     driverlib.lib : sysctl.obj (.text:SysCtl_isMCDClockFailureDetected)
                  00008a73    00000009     rts2800_fpu32_eabi.lib : _lock.c.obj (.text)
                  00008a7c    00000008                            : copy_decompress_none.c.obj (.text:decompress:none)
                  00008a84    00000008     f28p55x_codestartbranch.obj (.text)
                  00008a8c    00000008     empty_driverlib_main.obj (.text:jumpToApp)
                  00008a94    00000007     device.obj (.text:ASysCtl_lockVREG)
                  00008a9b    00000007     driverlib.lib : sysctl.obj (.text:SysCtl_resetMCD)
                  00008aa2    00000007     device.obj (.text:__error__)
                  00008aa9    00000004     device.obj (.text:SysCtl_deviceCal)
                  00008aad    00000002     rts2800_fpu32_eabi.lib : pre_init.c.obj (.text)

MODULE SUMMARY

       Module                        code   ro data   rw data
       ------                        ----   -------   -------
    .\
       empty_driverlib_main.obj      116    67        2      
    +--+-----------------------------+------+---------+---------+
       Total:                        116    67        2      
                                                             
    .\device\
       device.obj                    511    85        0      
       f28p55x_codestartbranch.obj   10     0         0      
    +--+-----------------------------+------+---------+---------+
       Total:                        521    85        0      
                                                             
    C:/ti/C2000Ware_26_00_00_00/driverlib/f28p55x/driverlib/ccs/Debug/driverlib.lib
       sysctl.obj                    1341   154       0      
       gpio.obj                      235    152       0      
       pga.obj                       156    75        0      
    +--+-----------------------------+------+---------+---------+
       Total:                        1732   381       0      
                                                             
    C:\ti\ccs2050\ccs\tools\compiler\ti-cgt-c2000_25.11.0.LTS\lib\rts2800_fpu32_eabi.lib
       fs_div28.asm.obj              136    0         0      
       exit.c.obj                    41     0         6      
       copy_decompress_lzss.c.obj    46     0         0      
       autoinit.c.obj                43     0         0      
       memcpy.c.obj                  32     0         0      
       boot28.asm.obj                23     0         0      
       args_main.c.obj               18     0         0      
       _lock.c.obj                   9      0         4      
       copy_zero_init.c.obj          13     0         0      
       copy_decompress_none.c.obj    8      0         0      
       pre_init.c.obj                2      0         0      
       startup.c.obj                 1      0         0      
    +--+-----------------------------+------+---------+---------+
       Total:                        372    0         10     
                                                             
       Stack:                        0      0         512    
       Linker Generated:             0      26        0      
    +--+-----------------------------+------+---------+---------+
       Grand Total:                  2741   559       524    


LINKER GENERATED COPY TABLES

__TI_cinit_table @ 0000013e records: 2, size/record: 4, table size: 8
	.data: load addr=0000012c, load size=00000008 bytes, run addr=0000a800, run size=0000000a bytes, compression=lzss
	ramgs0: load addr=0000013a, load size=00000004 bytes, run addr=0000c000, run size=00000002 bytes, compression=zero_init


LINKER GENERATED HANDLER TABLE

__TI_handler_table @ 00000134 records: 3, size/record: 2, table size: 6
	index: 0, handler: __TI_decompress_lzss
	index: 1, handler: __TI_decompress_none
	index: 2, handler: __TI_zero_init


GLOBAL DATA SYMBOLS: SORTED BY DATA PAGE

address     data page           name
--------    ----------------    ----
00000400      10 (00000400)     __stack

0000a800     2a0 (0000a800)     __TI_enable_exit_profile_output
0000a802     2a0 (0000a800)     __TI_cleanup_ptr
0000a804     2a0 (0000a800)     __TI_dtors_ptr
0000a806     2a0 (0000a800)     _lock
0000a808     2a0 (0000a800)     _unlock

0000c000     300 (0000c000)     startCycle


GLOBAL SYMBOLS: SORTED ALPHABETICALLY BY Name 

page  address   name                           
----  -------   ----                           
0     000087a6  C$$EXIT                        
0     0000830c  Device_enableAllPeripherals    
0     000083e7  Device_init                    
0     0000889a  Device_initGPIO                
0     00008221  GPIO_setAnalogMode             
0     000086cc  PGA_setOffsetTrimNMOS          
0     00008688  PGA_setOffsetTrimPMOS          
0     00000128  SysCtl_delay                   
0     00008596  SysCtl_getClock                
0     000088b4  SysCtl_getLowSpeedClock        
0     00008123  SysCtl_isPLLValid              
0     000085fb  SysCtl_selectOscSource         
0     00008642  SysCtl_selectXTAL              
0     000087cf  SysCtl_selectXTALSingleEnded   
0     00008000  SysCtl_setClock                
0     0000013e  __TI_CINIT_Base                
0     00000146  __TI_CINIT_Limit               
0     00000146  __TI_CINIT_Warm                
0     00000134  __TI_Handler_Table_Base        
0     0000013a  __TI_Handler_Table_Limit       
0     00000600  __TI_STACK_END                 
abs   00000200  __TI_STACK_SIZE                
0     0000877b  __TI_auto_init_nobinit_nopinit 
0     0000a802  __TI_cleanup_ptr               
0     0000874d  __TI_decompress_lzss           
0     00008a7c  __TI_decompress_none           
0     0000a804  __TI_dtors_ptr                 
0     0000a800  __TI_enable_exit_profile_output
abs   ffffffff  __TI_pprof_out_hndl            
abs   ffffffff  __TI_prof_data_size            
abs   ffffffff  __TI_prof_data_start           
0     00008a5b  __TI_zero_init_nomemset        
0     0000849b  __c28xabi_divf                 
abs   ffffffff  __c_args__                     
0     00008aa2  __error__                      
0     00000400  __stack                        
0     00008a1b  _args_main                     
0     0000895d  _c_int00                       
0     0000a806  _lock                          
0     00008a7b  _nop                           
0     00008a77  _register_lock                 
0     00008a73  _register_unlock               
0     000087ff  _system_post_cinit             
0     00008aad  _system_pre_init               
0     0000a808  _unlock                        
0     000087a6  abort                          
0     00000000  code_start                     
0     000087a8  exit                           
0     00008a8c  jumpToApp                      
0     000088ce  main                           
0     00008824  memcpy                         
0     0000c000  startCycle                     


GLOBAL SYMBOLS: SORTED BY Symbol Address 

page  address   name                           
----  -------   ----                           
0     00000000  code_start                     
0     00000128  SysCtl_delay                   
0     00000134  __TI_Handler_Table_Base        
0     0000013a  __TI_Handler_Table_Limit       
0     0000013e  __TI_CINIT_Base                
0     00000146  __TI_CINIT_Limit               
0     00000146  __TI_CINIT_Warm                
0     00000400  __stack                        
0     00000600  __TI_STACK_END                 
0     00008000  SysCtl_setClock                
0     00008123  SysCtl_isPLLValid              
0     00008221  GPIO_setAnalogMode             
0     0000830c  Device_enableAllPeripherals    
0     000083e7  Device_init                    
0     0000849b  __c28xabi_divf                 
0     00008596  SysCtl_getClock                
0     000085fb  SysCtl_selectOscSource         
0     00008642  SysCtl_selectXTAL              
0     00008688  PGA_setOffsetTrimPMOS          
0     000086cc  PGA_setOffsetTrimNMOS          
0     0000874d  __TI_decompress_lzss           
0     0000877b  __TI_auto_init_nobinit_nopinit 
0     000087a6  C$$EXIT                        
0     000087a6  abort                          
0     000087a8  exit                           
0     000087cf  SysCtl_selectXTALSingleEnded   
0     000087ff  _system_post_cinit             
0     00008824  memcpy                         
0     0000889a  Device_initGPIO                
0     000088b4  SysCtl_getLowSpeedClock        
0     000088ce  main                           
0     0000895d  _c_int00                       
0     00008a1b  _args_main                     
0     00008a5b  __TI_zero_init_nomemset        
0     00008a73  _register_unlock               
0     00008a77  _register_lock                 
0     00008a7b  _nop                           
0     00008a7c  __TI_decompress_none           
0     00008a8c  jumpToApp                      
0     00008aa2  __error__                      
0     00008aad  _system_pre_init               
0     0000a800  __TI_enable_exit_profile_output
0     0000a802  __TI_cleanup_ptr               
0     0000a804  __TI_dtors_ptr                 
0     0000a806  _lock                          
0     0000a808  _unlock                        
0     0000c000  startCycle                     
abs   00000200  __TI_STACK_SIZE                
abs   ffffffff  __TI_pprof_out_hndl            
abs   ffffffff  __TI_prof_data_size            
abs   ffffffff  __TI_prof_data_start           
abs   ffffffff  __c_args__                     

[52 symbols]
